#
# There is insufficient memory for the Java Runtime Environment to continue.
# Native memory allocation (malloc) failed to allocate 1046096 bytes for Chunk::new
# Possible reasons:
#   The system is out of physical RAM or swap space
#   The process is running with CompressedOops enabled, and the Java Heap may be blocking the growth of the native heap
# Possible solutions:
#   Reduce memory load on the system
#   Increase physical memory or swap space
#   Check if swap backing store is full
#   Decrease Java heap size (-Xmx/-Xms)
#   Decrease number of Java threads
#   Decrease Java thread stack sizes (-Xss)
#   Set larger code cache with -XX:ReservedCodeCacheSize=
#   JVM is running with Zero Based Compressed Oops mode in which the Java heap is
#     placed in the first 32GB address space. The Java Heap base address is the
#     maximum limit for the native heap growth. Please use -XX:HeapBaseMinAddress
#     to set the Java Heap base and to place the Java Heap above 32GB virtual address.
# This output file may be truncated or incomplete.
#
#  Out of Memory Error (arena.cpp:168), pid=26944, tid=8224
#
# JRE version: OpenJDK Runtime Environment (21.0.2+13) (build 21.0.2+13-58)
# Java VM: OpenJDK 64-Bit Server VM (21.0.2+13-58, mixed mode, sharing, tiered, compressed oops, compressed class ptrs, g1 gc, windows-amd64)
# No core dump will be written. Minidumps are not enabled by default on client versions of Windows
#

---------------  S U M M A R Y ------------

Command Line: -Dclassworlds.conf=D:/3rdParty/apache-maven-3.9.9/bin/m2.conf -Dmaven.home=D:/3rdParty/apache-maven-3.9.9 -Dlibrary.jansi.path=D:/3rdParty/apache-maven-3.9.9/lib/jansi-native -Dmaven.multiModuleProjectDirectory=D:/tutorials/unified-storage org.codehaus.plexus.classworlds.launcher.Launcher clean install

Host: Intel(R) Core(TM) i7-8565U CPU @ 1.80GHz, 8 cores, 15G,  Windows 11 , 64 bit Build 26100 (10.0.26100.7705)
Time: Thu Feb 26 23:17:43 2026 Paris, Madrid elapsed time: 41.361888 seconds (0d 0h 0m 41s)

---------------  T H R E A D  ---------------

Current thread (0x00000195e8c17c70):  JavaThread "C2 CompilerThread2" daemon [_thread_in_native, id=8224, stack(0x00000017ba600000,0x00000017ba700000) (1024K)]


Current CompileTask:
C2:  41362 8224   !   4       java.nio.file.FileTreeWalker::visit (204 bytes)

Stack: [0x00000017ba600000,0x00000017ba700000]
Native frames: (J=compiled Java code, j=interpreted, Vv=VM code, C=native code)
V  [jvm.dll+0x6cade9]
V  [jvm.dll+0x8569c1]
V  [jvm.dll+0x858d2e]
V  [jvm.dll+0x859413]
V  [jvm.dll+0x280e56]
V  [jvm.dll+0xc3f3d]
V  [jvm.dll+0xc4473]
V  [jvm.dll+0x3b5bf2]
V  [jvm.dll+0x382855]
V  [jvm.dll+0x381cca]
V  [jvm.dll+0x249bd0]
V  [jvm.dll+0x2491b1]
V  [jvm.dll+0x1c9634]
V  [jvm.dll+0x258859]
V  [jvm.dll+0x256e3a]
V  [jvm.dll+0x3ef6c6]
V  [jvm.dll+0x7ff568]
V  [jvm.dll+0x6c953d]
C  [ucrtbase.dll+0x37b0]
C  [KERNEL32.DLL+0x2e8d7]
C  [ntdll.dll+0x8c40c]


---------------  P R O C E S S  ---------------

Threads class SMR info:
_java_thread_list=0x00000195e8deb5c0, length=14, elements={
0x0000019580f5f930, 0x00000195a1b2d160, 0x00000195a1b2ddc0, 0x00000195a1b351c0,
0x00000195a1b360e0, 0x00000195a1b3ad30, 0x00000195a21d2ec0, 0x00000195a21e25b0,
0x00000195a21e3a50, 0x00000195a21d3550, 0x00000195a21d00d0, 0x00000195a21d2830,
0x00000195e8c16800, 0x00000195e8c17c70
}

Java Threads: ( => current thread )
  0x0000019580f5f930 JavaThread "main"                              [_thread_in_native, id=7852, stack(0x00000017b8a00000,0x00000017b8b00000) (1024K)]
  0x00000195a1b2d160 JavaThread "Reference Handler"          daemon [_thread_blocked, id=25680, stack(0x00000017b9200000,0x00000017b9300000) (1024K)]
  0x00000195a1b2ddc0 JavaThread "Finalizer"                  daemon [_thread_blocked, id=26000, stack(0x00000017b9300000,0x00000017b9400000) (1024K)]
  0x00000195a1b351c0 JavaThread "Signal Dispatcher"          daemon [_thread_blocked, id=19608, stack(0x00000017b9400000,0x00000017b9500000) (1024K)]
  0x00000195a1b360e0 JavaThread "Attach Listener"            daemon [_thread_blocked, id=20936, stack(0x00000017b9500000,0x00000017b9600000) (1024K)]
  0x00000195a1b3ad30 JavaThread "Service Thread"             daemon [_thread_blocked, id=24072, stack(0x00000017b9600000,0x00000017b9700000) (1024K)]
  0x00000195a21d2ec0 JavaThread "Monitor Deflation Thread"   daemon [_thread_blocked, id=26348, stack(0x00000017b9700000,0x00000017b9800000) (1024K)]
  0x00000195a21e25b0 JavaThread "C2 CompilerThread0"         daemon [_thread_in_native, id=5468, stack(0x00000017b9800000,0x00000017b9900000) (1024K)]
  0x00000195a21e3a50 JavaThread "C1 CompilerThread0"         daemon [_thread_blocked, id=8636, stack(0x00000017b9900000,0x00000017b9a00000) (1024K)]
  0x00000195a21d3550 JavaThread "Notification Thread"        daemon [_thread_blocked, id=21892, stack(0x00000017b9a00000,0x00000017b9b00000) (1024K)]
  0x00000195a21d00d0 JavaThread "Common-Cleaner"             daemon [_thread_blocked, id=17824, stack(0x00000017b9b00000,0x00000017b9c00000) (1024K)]
  0x00000195a21d2830 JavaThread "Thread-1"                   daemon [_thread_blocked, id=22032, stack(0x00000017b9d00000,0x00000017b9e00000) (1024K)]
  0x00000195e8c16800 JavaThread "C2 CompilerThread1"         daemon [_thread_in_native, id=25152, stack(0x00000017ba500000,0x00000017ba600000) (1024K)]
=>0x00000195e8c17c70 JavaThread "C2 CompilerThread2"         daemon [_thread_in_native, id=8224, stack(0x00000017ba600000,0x00000017ba700000) (1024K)]
Total: 14

Other Threads:
  0x00000195a1b0ef30 VMThread "VM Thread"                           [id=18424, stack(0x00000017b9100000,0x00000017b9200000) (1024K)]
  0x00000195a1af3d60 WatcherThread "VM Periodic Task Thread"        [id=27436, stack(0x00000017b9000000,0x00000017b9100000) (1024K)]
  0x0000019580fbdda0 WorkerThread "GC Thread#0"                     [id=15692, stack(0x00000017b8b00000,0x00000017b8c00000) (1024K)]
  0x00000195a1b0f2d0 WorkerThread "GC Thread#1"                     [id=21672, stack(0x00000017b9e00000,0x00000017b9f00000) (1024K)]
  0x00000195a1b0fdb0 WorkerThread "GC Thread#2"                     [id=25156, stack(0x00000017b9f00000,0x00000017ba000000) (1024K)]
  0x00000195a1b0e450 WorkerThread "GC Thread#3"                     [id=9756, stack(0x00000017ba000000,0x00000017ba100000) (1024K)]
  0x00000195a1b0e7f0 WorkerThread "GC Thread#4"                     [id=14128, stack(0x00000017ba100000,0x00000017ba200000) (1024K)]
  0x00000195a1b0eb90 WorkerThread "GC Thread#5"                     [id=3052, stack(0x00000017ba200000,0x00000017ba300000) (1024K)]
  0x00000195e82c6ee0 WorkerThread "GC Thread#6"                     [id=9908, stack(0x00000017ba300000,0x00000017ba400000) (1024K)]
  0x00000195e82c7280 WorkerThread "GC Thread#7"                     [id=25676, stack(0x00000017ba400000,0x00000017ba500000) (1024K)]
  0x000001958100f010 ConcurrentGCThread "G1 Main Marker"            [id=25520, stack(0x00000017b8c00000,0x00000017b8d00000) (1024K)]
  0x00000195810112c0 WorkerThread "G1 Conc#0"                       [id=23180, stack(0x00000017b8d00000,0x00000017b8e00000) (1024K)]
  0x00000195e82c84a0 WorkerThread "G1 Conc#1"                       [id=18100, stack(0x00000017b9c00000,0x00000017b9d00000) (1024K)]
  0x00000195a19c6190 ConcurrentGCThread "G1 Refine#0"               [id=4548, stack(0x00000017b8e00000,0x00000017b8f00000) (1024K)]
  0x00000195a19c8bc0 ConcurrentGCThread "G1 Service"                [id=28724, stack(0x00000017b8f00000,0x00000017b9000000) (1024K)]
Total: 15

Threads with active compile tasks:
C2 CompilerThread0    41456 8225   !   4       java.nio.file.FileTreeWalker::next (144 bytes)
C2 CompilerThread1    41456 8171       4       com.sun.tools.javac.util.Convert::utf2string (30 bytes)
C2 CompilerThread2    41456 8224   !   4       java.nio.file.FileTreeWalker::visit (204 bytes)
Total: 3

VM state: not at safepoint (normal execution)

VM Mutex/Monitor currently owned by a thread: None

Heap address: 0x0000000703400000, size: 4044 MB, Compressed Oops mode: Zero based, Oop shift amount: 3

CDS archive(s) mapped at: [0x00000195a3000000-0x00000195a3c90000-0x00000195a3c90000), size 13172736, SharedBaseAddress: 0x00000195a3000000, ArchiveRelocationMode: 1.
Compressed class space mapped at: 0x00000195a4000000-0x00000195e4000000, reserved size: 1073741824
Narrow klass base: 0x00000195a3000000, Narrow klass shift: 0, Narrow klass range: 0x100000000

GC Precious Log:
 CardTable entry size: 512
 Card Set container configuration: InlinePtr #cards 4 size 8 Array Of Cards #cards 16 size 48 Howl #buckets 8 coarsen threshold 3686 Howl Bitmap #cards 512 size 80 coarsen threshold 460 Card regions per heap region 1 cards per card region 4096
 CPUs: 8 total, 8 available
 Memory: 16172M
 Large Page Support: Disabled
 NUMA Support: Disabled
 Compressed Oops: Enabled (Zero based)
 Heap Region Size: 2M
 Heap Min Capacity: 8M
 Heap Initial Capacity: 254M
 Heap Max Capacity: 4044M
 Pre-touch: Disabled
 Parallel Workers: 8
 Concurrent Workers: 2
 Concurrent Refinement Workers: 8
 Periodic GC: Disabled

Heap:
 garbage-first heap   total 106496K, used 60977K [0x0000000703400000, 0x0000000800000000)
  region size 2048K, 19 young (38912K), 2 survivors (4096K)
 Metaspace       used 33828K, committed 34368K, reserved 1114112K
  class space    used 3849K, committed 4096K, reserved 1048576K

Heap Regions: E=young(eden), S=young(survivor), O=old, HS=humongous(starts), HC=humongous(continues), CS=collection set, F=free, TAMS=top-at-mark-start, PB=parsable bottom
|   0|0x0000000703400000, 0x0000000703600000, 0x0000000703600000|100%| O|  |TAMS 0x0000000703400000| PB 0x0000000703400000| Untracked 
|   1|0x0000000703600000, 0x0000000703600000, 0x0000000703800000|  0%| F|  |TAMS 0x0000000703600000| PB 0x0000000703600000| Untracked 
|   2|0x0000000703800000, 0x0000000703a00000, 0x0000000703a00000|100%| O|  |TAMS 0x0000000703800000| PB 0x0000000703800000| Untracked 
|   3|0x0000000703a00000, 0x0000000703c00000, 0x0000000703c00000|100%| O|  |TAMS 0x0000000703a00000| PB 0x0000000703a00000| Untracked 
|   4|0x0000000703c00000, 0x0000000703e00000, 0x0000000703e00000|100%| O|  |TAMS 0x0000000703c00000| PB 0x0000000703c00000| Untracked 
|   5|0x0000000703e00000, 0x0000000704000000, 0x0000000704000000|100%| O|  |TAMS 0x0000000703e00000| PB 0x0000000703e00000| Untracked 
|   6|0x0000000704000000, 0x0000000704200000, 0x0000000704200000|100%| O|  |TAMS 0x0000000704000000| PB 0x0000000704000000| Untracked 
|   7|0x0000000704200000, 0x0000000704400000, 0x0000000704400000|100%| O|  |TAMS 0x0000000704200000| PB 0x0000000704200000| Untracked 
|   8|0x0000000704400000, 0x0000000704400000, 0x0000000704600000|  0%| F|  |TAMS 0x0000000704400000| PB 0x0000000704400000| Untracked 
|   9|0x0000000704600000, 0x0000000704600000, 0x0000000704800000|  0%| F|  |TAMS 0x0000000704600000| PB 0x0000000704600000| Untracked 
|  10|0x0000000704800000, 0x0000000704800000, 0x0000000704a00000|  0%| F|  |TAMS 0x0000000704800000| PB 0x0000000704800000| Untracked 
|  11|0x0000000704a00000, 0x0000000704a00000, 0x0000000704c00000|  0%| F|  |TAMS 0x0000000704a00000| PB 0x0000000704a00000| Untracked 
|  12|0x0000000704c00000, 0x0000000704c00000, 0x0000000704e00000|  0%| F|  |TAMS 0x0000000704c00000| PB 0x0000000704c00000| Untracked 
|  13|0x0000000704e00000, 0x0000000704e00000, 0x0000000705000000|  0%| F|  |TAMS 0x0000000704e00000| PB 0x0000000704e00000| Untracked 
|  14|0x0000000705000000, 0x0000000705000000, 0x0000000705200000|  0%| F|  |TAMS 0x0000000705000000| PB 0x0000000705000000| Untracked 
|  15|0x0000000705200000, 0x0000000705400000, 0x0000000705400000|100%| O|  |TAMS 0x0000000705200000| PB 0x0000000705200000| Untracked 
|  16|0x0000000705400000, 0x0000000705400000, 0x0000000705600000|  0%| F|  |TAMS 0x0000000705400000| PB 0x0000000705400000| Untracked 
|  17|0x0000000705600000, 0x0000000705600000, 0x0000000705800000|  0%| F|  |TAMS 0x0000000705600000| PB 0x0000000705600000| Untracked 
|  18|0x0000000705800000, 0x0000000705800000, 0x0000000705a00000|  0%| F|  |TAMS 0x0000000705800000| PB 0x0000000705800000| Untracked 
|  19|0x0000000705a00000, 0x0000000705a00000, 0x0000000705c00000|  0%| F|  |TAMS 0x0000000705a00000| PB 0x0000000705a00000| Untracked 
|  20|0x0000000705c00000, 0x0000000705d05840, 0x0000000705e00000| 51%| O|  |TAMS 0x0000000705c00000| PB 0x0000000705c00000| Untracked 
|  21|0x0000000705e00000, 0x0000000705e00000, 0x0000000706000000|  0%| F|  |TAMS 0x0000000705e00000| PB 0x0000000705e00000| Untracked 
|  22|0x0000000706000000, 0x0000000706000000, 0x0000000706200000|  0%| F|  |TAMS 0x0000000706000000| PB 0x0000000706000000| Untracked 
|  23|0x0000000706200000, 0x0000000706200000, 0x0000000706400000|  0%| F|  |TAMS 0x0000000706200000| PB 0x0000000706200000| Untracked 
|  24|0x0000000706400000, 0x0000000706400000, 0x0000000706600000|  0%| F|  |TAMS 0x0000000706400000| PB 0x0000000706400000| Untracked 
|  25|0x0000000706600000, 0x0000000706600000, 0x0000000706800000|  0%| F|  |TAMS 0x0000000706600000| PB 0x0000000706600000| Untracked 
|  26|0x0000000706800000, 0x0000000706886ce8, 0x0000000706a00000| 26%| S|CS|TAMS 0x0000000706800000| PB 0x0000000706800000| Complete 
|  27|0x0000000706a00000, 0x0000000706c00000, 0x0000000706c00000|100%| S|CS|TAMS 0x0000000706a00000| PB 0x0000000706a00000| Complete 
|  28|0x0000000706c00000, 0x0000000706c00000, 0x0000000706e00000|  0%| F|  |TAMS 0x0000000706c00000| PB 0x0000000706c00000| Untracked 
|  29|0x0000000706e00000, 0x0000000706eca950, 0x0000000707000000| 39%| E|  |TAMS 0x0000000706e00000| PB 0x0000000706e00000| Complete 
|  30|0x0000000707000000, 0x0000000707200000, 0x0000000707200000|100%| E|CS|TAMS 0x0000000707000000| PB 0x0000000707000000| Complete 
|  31|0x0000000707200000, 0x0000000707400000, 0x0000000707400000|100%| E|CS|TAMS 0x0000000707200000| PB 0x0000000707200000| Complete 
|  32|0x0000000707400000, 0x0000000707600000, 0x0000000707600000|100%| E|CS|TAMS 0x0000000707400000| PB 0x0000000707400000| Complete 
|  33|0x0000000707600000, 0x0000000707800000, 0x0000000707800000|100%| E|CS|TAMS 0x0000000707600000| PB 0x0000000707600000| Complete 
|  34|0x0000000707800000, 0x0000000707a00000, 0x0000000707a00000|100%| E|CS|TAMS 0x0000000707800000| PB 0x0000000707800000| Complete 
|  35|0x0000000707a00000, 0x0000000707c00000, 0x0000000707c00000|100%| E|CS|TAMS 0x0000000707a00000| PB 0x0000000707a00000| Complete 
|  36|0x0000000707c00000, 0x0000000707e00000, 0x0000000707e00000|100%| E|CS|TAMS 0x0000000707c00000| PB 0x0000000707c00000| Complete 
|  37|0x0000000707e00000, 0x0000000708000000, 0x0000000708000000|100%| E|  |TAMS 0x0000000707e00000| PB 0x0000000707e00000| Complete 
|  75|0x000000070ca00000, 0x000000070cc00000, 0x000000070cc00000|100%| E|CS|TAMS 0x000000070ca00000| PB 0x000000070ca00000| Complete 
|  76|0x000000070cc00000, 0x000000070ce00000, 0x000000070ce00000|100%| E|CS|TAMS 0x000000070cc00000| PB 0x000000070cc00000| Complete 
|  77|0x000000070ce00000, 0x000000070d000000, 0x000000070d000000|100%| E|CS|TAMS 0x000000070ce00000| PB 0x000000070ce00000| Complete 
|  78|0x000000070d000000, 0x000000070d200000, 0x000000070d200000|100%| E|CS|TAMS 0x000000070d000000| PB 0x000000070d000000| Complete 
|  79|0x000000070d200000, 0x000000070d400000, 0x000000070d400000|100%| E|CS|TAMS 0x000000070d200000| PB 0x000000070d200000| Complete 
|  80|0x000000070d400000, 0x000000070d600000, 0x000000070d600000|100%| E|CS|TAMS 0x000000070d400000| PB 0x000000070d400000| Complete 
|  81|0x000000070d600000, 0x000000070d800000, 0x000000070d800000|100%| E|CS|TAMS 0x000000070d600000| PB 0x000000070d600000| Complete 
|  82|0x000000070d800000, 0x000000070da00000, 0x000000070da00000|100%| E|CS|TAMS 0x000000070d800000| PB 0x000000070d800000| Complete 
| 126|0x0000000713000000, 0x0000000713200000, 0x0000000713200000|100%| E|CS|TAMS 0x0000000713000000| PB 0x0000000713000000| Complete 
|2017|0x00000007ff600000, 0x00000007ff800000, 0x00000007ff800000|100%| O|  |TAMS 0x00000007ff600000| PB 0x00000007ff600000| Untracked 
|2018|0x00000007ff800000, 0x00000007ffa00000, 0x00000007ffa00000|100%| O|  |TAMS 0x00000007ff800000| PB 0x00000007ff800000| Untracked 
|2019|0x00000007ffa00000, 0x00000007ffc00000, 0x00000007ffc00000|100%| O|  |TAMS 0x00000007ffa00000| PB 0x00000007ffa00000| Untracked 
|2020|0x00000007ffc00000, 0x00000007ffe00000, 0x00000007ffe00000|100%| O|  |TAMS 0x00000007ffc00000| PB 0x00000007ffc00000| Untracked 
|2021|0x00000007ffe00000, 0x0000000800000000, 0x0000000800000000|100%| O|  |TAMS 0x00000007ffe00000| PB 0x00000007ffe00000| Untracked 

Card table byte_map: [0x000001959ae60000,0x000001959b650000] _byte_map_base: 0x0000019597646000

Marking Bits: (CMBitMap*) 0x0000019580fbe4a0
 Bits: [0x000001959b650000, 0x000001959f580000)

Polling page: 0x0000019581020000

Metaspace:

Usage:
  Non-class:     29.28 MB used.
      Class:      3.76 MB used.
       Both:     33.04 MB used.

Virtual space:
  Non-class space:       64.00 MB reserved,      29.56 MB ( 46%) committed,  1 nodes.
      Class space:        1.00 GB reserved,       4.00 MB ( <1%) committed,  1 nodes.
             Both:        1.06 GB reserved,      33.56 MB (  3%) committed. 

Chunk freelists:
   Non-Class:  2.27 MB
       Class:  12.03 MB
        Both:  14.30 MB

MaxMetaspaceSize: unlimited
CompressedClassSpaceSize: 1.00 GB
Initial GC threshold: 21.00 MB
Current GC threshold: 35.31 MB
CDS: on
 - commit_granule_bytes: 65536.
 - commit_granule_words: 8192.
 - virtual_space_node_default_size: 8388608.
 - enlarge_chunks_in_place: 1.
 - use_allocation_guard: 0.


Internal statistics:

num_allocs_failed_limit: 3.
num_arena_births: 408.
num_arena_deaths: 0.
num_vsnodes_births: 2.
num_vsnodes_deaths: 0.
num_space_committed: 537.
num_space_uncommitted: 0.
num_chunks_returned_to_freelist: 3.
num_chunks_taken_from_freelist: 1628.
num_chunk_merges: 3.
num_chunk_splits: 1145.
num_chunks_enlarged: 886.
num_inconsistent_stats: 0.

CodeHeap 'non-profiled nmethods': size=120000Kb used=5546Kb max_used=5546Kb free=114453Kb
 bounds [0x00000195927d0000, 0x0000019592d40000, 0x0000019599d00000]
CodeHeap 'profiled nmethods': size=120000Kb used=19058Kb max_used=19058Kb free=100941Kb
 bounds [0x000001958ad00000, 0x000001958bfa0000, 0x0000019592230000]
CodeHeap 'non-nmethods': size=5760Kb used=1508Kb max_used=1566Kb free=4251Kb
 bounds [0x0000019592230000, 0x00000195924a0000, 0x00000195927d0000]
 total_blobs=8825 nmethods=8252 adapters=475
 compilation: enabled
              stopped_count=0, restarted_count=0
 full_count=0

Compilation events (20 events):
Event: 40.189 Thread 0x00000195a21e3a50 nmethod 8227 0x000001958bf8a010 code [0x000001958bf8a220, 0x000001958bf8a8d8]
Event: 40.190 Thread 0x00000195a21e3a50 8228       3       com.sun.tools.javac.file.CacheFSInfo$$Lambda/0x00000195a4275900::<init> (10 bytes)
Event: 40.190 Thread 0x00000195a21e3a50 nmethod 8228 0x000001958bf8ab90 code [0x000001958bf8ad40, 0x000001958bf8af00]
Event: 40.198 Thread 0x00000195e8c17c70 nmethod 8222 0x0000019592d23810 code [0x0000019592d23aa0, 0x0000019592d251c8]
Event: 40.199 Thread 0x00000195a21e25b0 nmethod 8183 0x0000019592d25a10 code [0x0000019592d25e40, 0x0000019592d28968]
Event: 40.199 Thread 0x00000195a21e3a50 8229       3       jdk.nio.zipfs.ZipFileSystem::isTrue (38 bytes)
Event: 40.200 Thread 0x00000195a21e3a50 nmethod 8229 0x000001958bf8af90 code [0x000001958bf8b180, 0x000001958bf8b7e0]
Event: 40.204 Thread 0x00000195e8c17c70 8226       4       java.util.LinkedHashMap::valuesToArray (80 bytes)
Event: 40.210 Thread 0x00000195a21e25b0 8225   !   4       java.nio.file.FileTreeWalker::next (144 bytes)
Event: 40.216 Thread 0x00000195a21e3a50 8230       3       jdk.nio.zipfs.ZipFileSystem$EntryInputStream::close (20 bytes)
Event: 40.216 Thread 0x00000195a21e3a50 nmethod 8230 0x000001958bf8b990 code [0x000001958bf8bb40, 0x000001958bf8bd40]
Event: 40.218 Thread 0x00000195e8c17c70 nmethod 8226 0x0000019592d2a110 code [0x0000019592d2a2c0, 0x0000019592d2a798]
Event: 40.219 Thread 0x00000195e8c17c70 8224   !   4       java.nio.file.FileTreeWalker::visit (204 bytes)
Event: 40.225 Thread 0x00000195a21e3a50 8231   !   3       sun.nio.fs.WindowsNativeDispatcher::GetFileSecurity (60 bytes)
Event: 40.226 Thread 0x00000195a21e3a50 nmethod 8231 0x000001958bf8be10 code [0x000001958bf8c020, 0x000001958bf8c4f0]
Event: 40.292 Thread 0x00000195e8c16800 nmethod 8193 0x0000019592d2ad10 code [0x0000019592d2ba80, 0x0000019592d30118]
Event: 40.293 Thread 0x00000195e8c16800 8223   !   4       jdk.nio.zipfs.ZipFileSystem::iteratorOf (150 bytes)
Event: 40.339 Thread 0x00000195a21e3a50 8233       2       java.util.LinkedHashMap::valuesToArray (80 bytes)
Event: 40.340 Thread 0x00000195a21e3a50 nmethod 8233 0x000001958bf8c790 code [0x000001958bf8c960, 0x000001958bf8cd78]
Event: 41.357 Thread 0x00000195a21e3a50 8234       3       java.util.ImmutableCollections$List12::<init> (20 bytes)

GC Heap History (16 events):
Event: 6.914 GC heap before
{Heap before GC invocations=0 (full 0):
 garbage-first heap   total 260096K, used 22528K [0x0000000703400000, 0x0000000800000000)
  region size 2048K, 11 young (22528K), 0 survivors (0K)
 Metaspace       used 5651K, committed 5824K, reserved 1114112K
  class space    used 660K, committed 768K, reserved 1048576K
}
Event: 6.921 GC heap after
{Heap after GC invocations=1 (full 0):
 garbage-first heap   total 260096K, used 3942K [0x0000000703400000, 0x0000000800000000)
  region size 2048K, 2 young (4096K), 2 survivors (4096K)
 Metaspace       used 5651K, committed 5824K, reserved 1114112K
  class space    used 660K, committed 768K, reserved 1048576K
}
Event: 8.059 GC heap before
{Heap before GC invocations=1 (full 0):
 garbage-first heap   total 260096K, used 36710K [0x0000000703400000, 0x0000000800000000)
  region size 2048K, 18 young (36864K), 2 survivors (4096K)
 Metaspace       used 10317K, committed 10496K, reserved 1114112K
  class space    used 1234K, committed 1344K, reserved 1048576K
}
Event: 8.066 GC heap after
{Heap after GC invocations=2 (full 0):
 garbage-first heap   total 260096K, used 5696K [0x0000000703400000, 0x0000000800000000)
  region size 2048K, 2 young (4096K), 2 survivors (4096K)
 Metaspace       used 10317K, committed 10496K, reserved 1114112K
  class space    used 1234K, committed 1344K, reserved 1048576K
}
Event: 16.226 GC heap before
{Heap before GC invocations=2 (full 0):
 garbage-first heap   total 260096K, used 157248K [0x0000000703400000, 0x0000000800000000)
  region size 2048K, 76 young (155648K), 2 survivors (4096K)
 Metaspace       used 16803K, committed 17088K, reserved 1114112K
  class space    used 1905K, committed 2048K, reserved 1048576K
}
Event: 16.240 GC heap after
{Heap after GC invocations=3 (full 0):
 garbage-first heap   total 260096K, used 14212K [0x0000000703400000, 0x0000000800000000)
  region size 2048K, 6 young (12288K), 6 survivors (12288K)
 Metaspace       used 16803K, committed 17088K, reserved 1114112K
  class space    used 1905K, committed 2048K, reserved 1048576K
}
Event: 26.087 GC heap before
{Heap before GC invocations=3 (full 0):
 garbage-first heap   total 260096K, used 100228K [0x0000000703400000, 0x0000000800000000)
  region size 2048K, 50 young (102400K), 6 survivors (12288K)
 Metaspace       used 21118K, committed 21504K, reserved 1114112K
  class space    used 2347K, committed 2560K, reserved 1048576K
}
Event: 26.100 GC heap after
{Heap after GC invocations=4 (full 0):
 garbage-first heap   total 260096K, used 19931K [0x0000000703400000, 0x0000000800000000)
  region size 2048K, 8 young (16384K), 8 survivors (16384K)
 Metaspace       used 21118K, committed 21504K, reserved 1114112K
  class space    used 2347K, committed 2560K, reserved 1048576K
}
Event: 27.824 GC heap before
{Heap before GC invocations=5 (full 0):
 garbage-first heap   total 75776K, used 75227K [0x0000000703400000, 0x0000000800000000)
  region size 2048K, 35 young (71680K), 8 survivors (16384K)
 Metaspace       used 27584K, committed 27968K, reserved 1114112K
  class space    used 3080K, committed 3264K, reserved 1048576K
}
Event: 27.863 GC heap after
{Heap after GC invocations=6 (full 0):
 garbage-first heap   total 106496K, used 34242K [0x0000000703400000, 0x0000000800000000)
  region size 2048K, 10 young (20480K), 10 survivors (20480K)
 Metaspace       used 27584K, committed 27968K, reserved 1114112K
  class space    used 3080K, committed 3264K, reserved 1048576K
}
Event: 30.234 GC heap before
{Heap before GC invocations=6 (full 0):
 garbage-first heap   total 106496K, used 77250K [0x0000000703400000, 0x0000000800000000)
  region size 2048K, 31 young (63488K), 10 survivors (20480K)
 Metaspace       used 30442K, committed 30912K, reserved 1114112K
  class space    used 3429K, committed 3648K, reserved 1048576K
}
Event: 30.249 GC heap after
{Heap after GC invocations=7 (full 0):
 garbage-first heap   total 106496K, used 26583K [0x0000000703400000, 0x0000000800000000)
  region size 2048K, 2 young (4096K), 2 survivors (4096K)
 Metaspace       used 30442K, committed 30912K, reserved 1114112K
  class space    used 3429K, committed 3648K, reserved 1048576K
}
Event: 33.209 GC heap before
{Heap before GC invocations=7 (full 0):
 garbage-first heap   total 106496K, used 90071K [0x0000000703400000, 0x0000000800000000)
  region size 2048K, 23 young (47104K), 2 survivors (4096K)
 Metaspace       used 33599K, committed 34112K, reserved 1114112K
  class space    used 3841K, committed 4096K, reserved 1048576K
}
Event: 33.220 GC heap after
{Heap after GC invocations=8 (full 0):
 garbage-first heap   total 106496K, used 51126K [0x0000000703400000, 0x0000000800000000)
  region size 2048K, 3 young (6144K), 3 survivors (6144K)
 Metaspace       used 33599K, committed 34112K, reserved 1114112K
  class space    used 3841K, committed 4096K, reserved 1048576K
}
Event: 35.327 GC heap before
{Heap before GC invocations=8 (full 0):
 garbage-first heap   total 106496K, used 92086K [0x0000000703400000, 0x0000000800000000)
  region size 2048K, 22 young (45056K), 3 survivors (6144K)
 Metaspace       used 33712K, committed 34240K, reserved 1114112K
  class space    used 3847K, committed 4096K, reserved 1048576K
}
Event: 35.335 GC heap after
{Heap after GC invocations=9 (full 0):
 garbage-first heap   total 106496K, used 30257K [0x0000000703400000, 0x0000000800000000)
  region size 2048K, 2 young (4096K), 2 survivors (4096K)
 Metaspace       used 33712K, committed 34240K, reserved 1114112K
  class space    used 3847K, committed 4096K, reserved 1048576K
}

Dll operation events (8 events):
Event: 0.114 Loaded shared library D:\3rdParty\jdk-21.0.2\bin\java.dll
Event: 0.212 Loaded shared library D:\3rdParty\jdk-21.0.2\bin\jsvml.dll
Event: 0.262 Loaded shared library D:\3rdParty\jdk-21.0.2\bin\net.dll
Event: 0.308 Loaded shared library D:\3rdParty\jdk-21.0.2\bin\nio.dll
Event: 0.394 Loaded shared library D:\3rdParty\jdk-21.0.2\bin\zip.dll
Event: 5.244 Loaded shared library D:\3rdParty\jdk-21.0.2\bin\jimage.dll
Event: 5.298 Loaded shared library D:\3rdParty\apache-maven-3.9.9\lib\jansi-native\Windows\x86_64\jansi.dll
Event: 5.368 Loaded shared library D:\3rdParty\jdk-21.0.2\bin\verify.dll

Deoptimization events (20 events):
Event: 40.230 Thread 0x0000019580f5f930 Uncommon trap: trap_request=0xffffffd6 fr.pc=0x0000019592d2a6c0 relative=0x0000000000000400
Event: 40.230 Thread 0x0000019580f5f930 Uncommon trap: reason=array_check action=maybe_recompile pc=0x0000019592d2a6c0 method=java.util.LinkedHashMap.valuesToArray([Ljava/lang/Object;Z)[Ljava/lang/Object; @ 67 c2
Event: 40.230 Thread 0x0000019580f5f930 DEOPT PACKING pc=0x0000019592d2a6c0 sp=0x00000017b8afce80
Event: 40.230 Thread 0x0000019580f5f930 DEOPT UNPACKING pc=0x00000195922846a2 sp=0x00000017b8afce20 mode 2
Event: 40.236 Thread 0x0000019580f5f930 Uncommon trap: trap_request=0xffffffd6 fr.pc=0x0000019592d2a6c0 relative=0x0000000000000400
Event: 40.236 Thread 0x0000019580f5f930 Uncommon trap: reason=array_check action=maybe_recompile pc=0x0000019592d2a6c0 method=java.util.LinkedHashMap.valuesToArray([Ljava/lang/Object;Z)[Ljava/lang/Object; @ 67 c2
Event: 40.236 Thread 0x0000019580f5f930 DEOPT PACKING pc=0x0000019592d2a6c0 sp=0x00000017b8afce80
Event: 40.236 Thread 0x0000019580f5f930 DEOPT UNPACKING pc=0x00000195922846a2 sp=0x00000017b8afce20 mode 2
Event: 40.236 Thread 0x0000019580f5f930 Uncommon trap: trap_request=0xffffffbe fr.pc=0x0000019592b6d748 relative=0x00000000000002a8
Event: 40.236 Thread 0x0000019580f5f930 Uncommon trap: reason=profile_predicate action=maybe_recompile pc=0x0000019592b6d748 method=java.util.LinkedHashMap.valuesToArray([Ljava/lang/Object;Z)[Ljava/lang/Object; @ 51 c2
Event: 40.236 Thread 0x0000019580f5f930 DEOPT PACKING pc=0x0000019592b6d748 sp=0x00000017b8afce80
Event: 40.236 Thread 0x0000019580f5f930 DEOPT UNPACKING pc=0x00000195922846a2 sp=0x00000017b8afce38 mode 2
Event: 40.324 Thread 0x0000019580f5f930 Uncommon trap: trap_request=0xffffffd6 fr.pc=0x0000019592d2a6c0 relative=0x0000000000000400
Event: 40.324 Thread 0x0000019580f5f930 Uncommon trap: reason=array_check action=maybe_recompile pc=0x0000019592d2a6c0 method=java.util.LinkedHashMap.valuesToArray([Ljava/lang/Object;Z)[Ljava/lang/Object; @ 67 c2
Event: 40.324 Thread 0x0000019580f5f930 DEOPT PACKING pc=0x0000019592d2a6c0 sp=0x00000017b8afce80
Event: 40.324 Thread 0x0000019580f5f930 DEOPT UNPACKING pc=0x00000195922846a2 sp=0x00000017b8afce20 mode 2
Event: 40.339 Thread 0x0000019580f5f930 Uncommon trap: trap_request=0xffffffbe fr.pc=0x0000019592b6d748 relative=0x00000000000002a8
Event: 40.339 Thread 0x0000019580f5f930 Uncommon trap: reason=profile_predicate action=maybe_recompile pc=0x0000019592b6d748 method=java.util.LinkedHashMap.valuesToArray([Ljava/lang/Object;Z)[Ljava/lang/Object; @ 51 c2
Event: 40.339 Thread 0x0000019580f5f930 DEOPT PACKING pc=0x0000019592b6d748 sp=0x00000017b8afce80
Event: 40.339 Thread 0x0000019580f5f930 DEOPT UNPACKING pc=0x00000195922846a2 sp=0x00000017b8afce38 mode 2

Classes loaded (20 events):
Event: 33.077 Loading class java/util/Collections$UnmodifiableSortedMap
Event: 33.078 Loading class java/util/Collections$UnmodifiableSortedMap done
Event: 33.081 Loading class java/util/zip/Deflater
Event: 33.082 Loading class java/util/zip/Deflater done
Event: 33.082 Loading class java/util/zip/Deflater$DeflaterZStreamRef
Event: 33.083 Loading class java/util/zip/Deflater$DeflaterZStreamRef done
Event: 33.090 Loading class java/io/SequenceInputStream
Event: 33.090 Loading class java/io/SequenceInputStream done
Event: 33.121 Loading class java/util/Vector$1
Event: 33.121 Loading class java/util/Vector$1 done
Event: 33.174 Loading class java/util/concurrent/ThreadPoolExecutor$Worker
Event: 33.175 Loading class java/util/concurrent/ThreadPoolExecutor$Worker done
Event: 33.192 Loading class java/util/concurrent/ConcurrentLinkedQueue$Itr
Event: 33.193 Loading class java/util/concurrent/ConcurrentLinkedQueue$Itr done
Event: 33.203 Loading class java/nio/StringCharBuffer
Event: 33.203 Loading class java/nio/StringCharBuffer done
Event: 33.232 Loading class java/util/concurrent/ConcurrentLinkedDeque$Itr
Event: 33.232 Loading class java/util/concurrent/ConcurrentLinkedDeque$AbstractItr
Event: 33.233 Loading class java/util/concurrent/ConcurrentLinkedDeque$AbstractItr done
Event: 33.233 Loading class java/util/concurrent/ConcurrentLinkedDeque$Itr done

Classes unloaded (0 events):
No events

Classes redefined (0 events):
No events

Internal exceptions (20 events):
Event: 31.154 Thread 0x00000195a21d1480 Exception <a 'java/lang/NoSuchMethodError'{0x000000070d342588}: 'long java.lang.invoke.DirectMethodHandle$Holder.invokeInterface(java.lang.Object, java.lang.Object)'> (0x000000070d342588) 
thrown [s\open\src\hotspot\share\interpreter\linkResolver.cpp, line 773]
Event: 31.154 Thread 0x00000195a21d1480 Exception <a 'java/lang/NoSuchMethodError'{0x000000070ce00290}: 'long java.lang.invoke.DelegatingMethodHandle$Holder.reinvoke_L(java.lang.Object, java.lang.Object)'> (0x000000070ce00290) 
thrown [s\open\src\hotspot\share\interpreter\linkResolver.cpp, line 773]
Event: 33.176 Thread 0x00000195a21d1480 Implicit null exception at 0x00000195929865a8 to 0x0000019592986680
Event: 33.177 Thread 0x00000195a21d1b10 Implicit null exception at 0x0000019592a72720 to 0x0000019592a727f4
Event: 33.259 Thread 0x0000019580f5f930 Exception <a 'sun/nio/fs/WindowsException'{0x0000000713192f58}> (0x0000000713192f58) 
thrown [s\open\src\hotspot\share\prims\jni.cpp, line 520]
Event: 33.290 Thread 0x0000019580f5f930 Exception <a 'sun/nio/fs/WindowsException'{0x00000007131a73f0}> (0x00000007131a73f0) 
thrown [s\open\src\hotspot\share\prims\jni.cpp, line 520]
Event: 33.311 Thread 0x0000019580f5f930 Exception <a 'sun/nio/fs/WindowsException'{0x00000007131b1620}> (0x00000007131b1620) 
thrown [s\open\src\hotspot\share\prims\jni.cpp, line 520]
Event: 33.536 Thread 0x0000019580f5f930 Exception <a 'sun/nio/fs/WindowsException'{0x00000007131c5ab8}> (0x00000007131c5ab8) 
thrown [s\open\src\hotspot\share\prims\jni.cpp, line 520]
Event: 34.486 Thread 0x0000019580f5f930 Implicit null exception at 0x0000019592ce0b25 to 0x0000019592ce193c
Event: 34.502 Thread 0x0000019580f5f930 Implicit null exception at 0x0000019592ce0b25 to 0x0000019592ce193c
Event: 34.648 Thread 0x0000019580f5f930 Implicit null exception at 0x0000019592ce0b25 to 0x0000019592ce193c
Event: 34.712 Thread 0x0000019580f5f930 Implicit null exception at 0x0000019592ce0b25 to 0x0000019592ce193c
Event: 35.534 Thread 0x0000019580f5f930 Exception <a 'sun/nio/fs/WindowsException'{0x000000070d813978}> (0x000000070d813978) 
thrown [s\open\src\hotspot\share\prims\jni.cpp, line 520]
Event: 35.538 Thread 0x0000019580f5f930 Exception <a 'sun/nio/fs/WindowsException'{0x000000070d815310}> (0x000000070d815310) 
thrown [s\open\src\hotspot\share\prims\jni.cpp, line 520]
Event: 35.572 Thread 0x0000019580f5f930 Exception <a 'sun/nio/fs/WindowsException'{0x000000070d8afa08}> (0x000000070d8afa08) 
thrown [s\open\src\hotspot\share\prims\jni.cpp, line 520]
Event: 39.870 Thread 0x0000019580f5f930 Exception <a 'sun/nio/fs/WindowsException'{0x000000070d319d48}> (0x000000070d319d48) 
thrown [s\open\src\hotspot\share\prims\jni.cpp, line 520]
Event: 39.873 Thread 0x0000019580f5f930 Exception <a 'sun/nio/fs/WindowsException'{0x000000070d3ae048}> (0x000000070d3ae048) 
thrown [s\open\src\hotspot\share\prims\jni.cpp, line 520]
Event: 40.071 Thread 0x0000019580f5f930 Exception <a 'sun/nio/fs/WindowsException'{0x000000070cddfc70}> (0x000000070cddfc70) 
thrown [s\open\src\hotspot\share\prims\jni.cpp, line 520]
Event: 40.071 Thread 0x0000019580f5f930 Exception <a 'sun/nio/fs/WindowsException'{0x000000070cde0790}> (0x000000070cde0790) 
thrown [s\open\src\hotspot\share\prims\jni.cpp, line 520]
Event: 40.072 Thread 0x0000019580f5f930 Exception <a 'sun/nio/fs/WindowsException'{0x000000070cde1360}> (0x000000070cde1360) 
thrown [s\open\src\hotspot\share\prims\jni.cpp, line 520]

ZGC Phase Switch (0 events):
No events

VM Operations (20 events):
Event: 33.125 Executing VM operation: HandshakeAllThreads (Deoptimize)
Event: 33.125 Executing VM operation: HandshakeAllThreads (Deoptimize) done
Event: 33.204 Executing VM operation: G1TryInitiateConcMark (G1 Humongous Allocation)
Event: 33.220 Executing VM operation: G1TryInitiateConcMark (G1 Humongous Allocation) done
Event: 33.220 Executing VM operation: HandshakeAllThreads (Deoptimize)
Event: 33.221 Executing VM operation: HandshakeAllThreads (Deoptimize) done
Event: 33.226 Executing VM operation: HandshakeAllThreads (Deoptimize)
Event: 33.226 Executing VM operation: HandshakeAllThreads (Deoptimize) done
Event: 34.233 Executing VM operation: Cleanup
Event: 34.233 Executing VM operation: Cleanup done
Event: 35.238 Executing VM operation: Cleanup
Event: 35.239 Executing VM operation: Cleanup done
Event: 35.327 Executing VM operation: G1CollectForAllocation (G1 Evacuation Pause)
Event: 35.335 Executing VM operation: G1CollectForAllocation (G1 Evacuation Pause) done
Event: 36.345 Executing VM operation: Cleanup
Event: 36.345 Executing VM operation: Cleanup done
Event: 39.356 Executing VM operation: Cleanup
Event: 39.357 Executing VM operation: Cleanup done
Event: 40.365 Executing VM operation: Cleanup
Event: 40.365 Executing VM operation: Cleanup done

Events (20 events):
Event: 33.178 Thread 0x00000195ea94c3d0 Thread added: 0x00000195ea94c3d0
Event: 33.180 Thread 0x00000195ea94b6b0 Thread added: 0x00000195ea94b6b0
Event: 33.180 Thread 0x00000195ea94b020 Thread added: 0x00000195ea94b020
Event: 33.181 Thread 0x00000195ea94a300 Thread added: 0x00000195ea94a300
Event: 33.182 Thread 0x00000195ea94ca60 Thread added: 0x00000195ea94ca60
Event: 33.233 Thread 0x00000195ea94c3d0 Thread exited: 0x00000195ea94c3d0
Event: 33.234 Thread 0x00000195a21d1480 Thread exited: 0x00000195a21d1480
Event: 33.234 Thread 0x00000195ea94b6b0 Thread exited: 0x00000195ea94b6b0
Event: 33.234 Thread 0x00000195a21d1b10 Thread exited: 0x00000195a21d1b10
Event: 33.234 Thread 0x00000195ea94ca60 Thread exited: 0x00000195ea94ca60
Event: 33.234 Thread 0x00000195ea94b020 Thread exited: 0x00000195ea94b020
Event: 33.234 Thread 0x00000195ea94a300 Thread exited: 0x00000195ea94a300
Event: 33.234 Thread 0x00000195ea94bd40 Thread exited: 0x00000195ea94bd40
Event: 33.244 Thread 0x00000195e8c18a10 Thread added: 0x00000195e8c18a10
Event: 33.535 Thread 0x00000195e8c18a10 Thread exited: 0x00000195e8c18a10
Event: 34.766 Thread 0x00000195e8c17c70 Thread exited: 0x00000195e8c17c70
Event: 34.961 Thread 0x00000195e8c17c70 Thread added: 0x00000195e8c17c70
Event: 38.188 Thread 0x00000195e8c17c70 Thread exited: 0x00000195e8c17c70
Event: 40.044 Thread 0x00000195e8c16800 Thread added: 0x00000195e8c16800
Event: 40.082 Thread 0x00000195e8c17c70 Thread added: 0x00000195e8c17c70


Dynamic libraries:
0x00007ff72b030000 - 0x00007ff72b03e000 	D:\3rdParty\jdk-21.0.2\bin\java.exe
0x00007ffd1dbe0000 - 0x00007ffd1de48000 	C:\WINDOWS\SYSTEM32\ntdll.dll
0x00007ffd1d660000 - 0x00007ffd1d729000 	C:\WINDOWS\System32\KERNEL32.DLL
0x00007ffd1a790000 - 0x00007ffd1ab81000 	C:\WINDOWS\System32\KERNELBASE.dll
0x00007ffd1ab90000 - 0x00007ffd1acdb000 	C:\WINDOWS\System32\ucrtbase.dll
0x00007ffd05ae0000 - 0x00007ffd05afb000 	D:\3rdParty\jdk-21.0.2\bin\VCRUNTIME140.dll
0x00007ffd06130000 - 0x00007ffd06148000 	D:\3rdParty\jdk-21.0.2\bin\jli.dll
0x00007ffd1d3e0000 - 0x00007ffd1d5a6000 	C:\WINDOWS\System32\USER32.dll
0x00007ffd1b950000 - 0x00007ffd1b977000 	C:\WINDOWS\System32\win32u.dll
0x00007ffd1da80000 - 0x00007ffd1daab000 	C:\WINDOWS\System32\GDI32.dll
0x00007ffd1ae40000 - 0x00007ffd1af6b000 	C:\WINDOWS\System32\gdi32full.dll
0x00007ffd1ad90000 - 0x00007ffd1ae33000 	C:\WINDOWS\System32\msvcp_win.dll
0x00007ffd02aa0000 - 0x00007ffd02d33000 	C:\WINDOWS\WinSxS\amd64_microsoft.windows.common-controls_6595b64144ccf1df_6.0.26100.7824_none_3e0870b2e3345462\COMCTL32.dll
0x00007ffd1d5b0000 - 0x00007ffd1d659000 	C:\WINDOWS\System32\msvcrt.dll
0x00007ffd1ce50000 - 0x00007ffd1ce81000 	C:\WINDOWS\System32\IMM32.DLL
0x00007ffd07dd0000 - 0x00007ffd07ddc000 	D:\3rdParty\jdk-21.0.2\bin\vcruntime140_1.dll
0x00007ffcf2fc0000 - 0x00007ffcf304e000 	D:\3rdParty\jdk-21.0.2\bin\msvcp140.dll
0x00007ffc86480000 - 0x00007ffc87197000 	D:\3rdParty\jdk-21.0.2\bin\server\jvm.dll
0x00007ffd1c500000 - 0x00007ffd1c5b4000 	C:\WINDOWS\System32\ADVAPI32.dll
0x00007ffd1d930000 - 0x00007ffd1d9d6000 	C:\WINDOWS\System32\sechost.dll
0x00007ffd1b9b0000 - 0x00007ffd1bac8000 	C:\WINDOWS\System32\RPCRT4.dll
0x00007ffd1d9e0000 - 0x00007ffd1da54000 	C:\WINDOWS\System32\WS2_32.dll
0x00007ffd1a320000 - 0x00007ffd1a37e000 	C:\WINDOWS\SYSTEM32\POWRPROF.dll
0x00007ffd13040000 - 0x00007ffd1304b000 	C:\WINDOWS\SYSTEM32\VERSION.dll
0x00007ffd06bb0000 - 0x00007ffd06be5000 	C:\WINDOWS\SYSTEM32\WINMM.dll
0x00007ffd1a300000 - 0x00007ffd1a314000 	C:\WINDOWS\SYSTEM32\UMPDC.dll
0x00007ffd19260000 - 0x00007ffd1927b000 	C:\WINDOWS\SYSTEM32\kernel.appcore.dll
0x00007ffd072a0000 - 0x00007ffd072aa000 	D:\3rdParty\jdk-21.0.2\bin\jimage.dll
0x00007ffd18090000 - 0x00007ffd182d2000 	C:\WINDOWS\SYSTEM32\DBGHELP.DLL
0x00007ffd1c170000 - 0x00007ffd1c4f6000 	C:\WINDOWS\System32\combase.dll
0x00007ffd1c5c0000 - 0x00007ffd1c697000 	C:\WINDOWS\System32\OLEAUT32.dll
0x00007ffd06e00000 - 0x00007ffd06e3b000 	C:\WINDOWS\SYSTEM32\dbgcore.DLL
0x00007ffd1ace0000 - 0x00007ffd1ad85000 	C:\WINDOWS\System32\bcryptPrimitives.dll
0x00007ffd05ac0000 - 0x00007ffd05adf000 	D:\3rdParty\jdk-21.0.2\bin\java.dll
0x00007ffd1c6f0000 - 0x00007ffd1ce42000 	C:\WINDOWS\System32\SHELL32.dll
0x00007ffd1b7e0000 - 0x00007ffd1b94a000 	C:\WINDOWS\System32\wintypes.dll
0x00007ffd1af70000 - 0x00007ffd1b7d3000 	C:\WINDOWS\System32\windows.storage.dll
0x00007ffd1d030000 - 0x00007ffd1d126000 	C:\WINDOWS\System32\SHCORE.dll
0x00007ffd1d8c0000 - 0x00007ffd1d927000 	C:\WINDOWS\System32\shlwapi.dll
0x00007ffd1a3e0000 - 0x00007ffd1a409000 	C:\WINDOWS\SYSTEM32\profapi.dll
0x00007ffcc7f30000 - 0x00007ffcc8007000 	D:\3rdParty\jdk-21.0.2\bin\jsvml.dll
0x00007ffd06600000 - 0x00007ffd06610000 	D:\3rdParty\jdk-21.0.2\bin\net.dll
0x00007ffd14200000 - 0x00007ffd14327000 	C:\WINDOWS\SYSTEM32\WINHTTP.dll
0x00007ffd197d0000 - 0x00007ffd1983b000 	C:\WINDOWS\system32\mswsock.dll
0x00007ffd059d0000 - 0x00007ffd059e6000 	D:\3rdParty\jdk-21.0.2\bin\nio.dll
0x00007ffd05520000 - 0x00007ffd05538000 	D:\3rdParty\jdk-21.0.2\bin\zip.dll
0x00007ffd05540000 - 0x00007ffd05564000 	D:\3rdParty\apache-maven-3.9.9\lib\jansi-native\Windows\x86_64\jansi.dll
0x00007ffd15730000 - 0x00007ffd15740000 	D:\3rdParty\jdk-21.0.2\bin\verify.dll
0x00007ffd19380000 - 0x00007ffd193b6000 	C:\WINDOWS\SYSTEM32\ntmarta.dll

dbghelp: loaded successfully - version: 4.0.5 - missing functions: none
symbol engine: initialized successfully - sym options: 0x614 - pdb path: .;D:\3rdParty\jdk-21.0.2\bin;C:\WINDOWS\SYSTEM32;C:\WINDOWS\WinSxS\amd64_microsoft.windows.common-controls_6595b64144ccf1df_6.0.26100.7824_none_3e0870b2e3345462;D:\3rdParty\jdk-21.0.2\bin\server;D:\3rdParty\apache-maven-3.9.9\lib\jansi-native\Windows\x86_64

VM Arguments:
jvm_args: -Dclassworlds.conf=D:/3rdParty/apache-maven-3.9.9/bin/m2.conf -Dmaven.home=D:/3rdParty/apache-maven-3.9.9 -Dlibrary.jansi.path=D:/3rdParty/apache-maven-3.9.9/lib/jansi-native -Dmaven.multiModuleProjectDirectory=D:/tutorials/unified-storage 
java_command: org.codehaus.plexus.classworlds.launcher.Launcher clean install
java_class_path (initial): D:/3rdParty/apache-maven-3.9.9/boot/plexus-classworlds-2.8.0.jar
Launcher Type: SUN_STANDARD

[Global flags]
     intx CICompilerCount                          = 4                                         {product} {ergonomic}
     uint ConcGCThreads                            = 2                                         {product} {ergonomic}
     uint G1ConcRefinementThreads                  = 8                                         {product} {ergonomic}
   size_t G1HeapRegionSize                         = 2097152                                   {product} {ergonomic}
    uintx GCDrainStackTargetSize                   = 64                                        {product} {ergonomic}
   size_t InitialHeapSize                          = 266338304                                 {product} {ergonomic}
   size_t MarkStackSize                            = 4194304                                   {product} {ergonomic}
   size_t MaxHeapSize                              = 4240441344                                {product} {ergonomic}
   size_t MaxNewSize                               = 2543845376                                {product} {ergonomic}
   size_t MinHeapDeltaBytes                        = 2097152                                   {product} {ergonomic}
   size_t MinHeapSize                              = 8388608                                   {product} {ergonomic}
    uintx NonNMethodCodeHeapSize                   = 5839372                                {pd product} {ergonomic}
    uintx NonProfiledCodeHeapSize                  = 122909434                              {pd product} {ergonomic}
    uintx ProfiledCodeHeapSize                     = 122909434                              {pd product} {ergonomic}
    uintx ReservedCodeCacheSize                    = 251658240                              {pd product} {ergonomic}
     bool SegmentedCodeCache                       = true                                      {product} {ergonomic}
   size_t SoftMaxHeapSize                          = 4240441344                             {manageable} {ergonomic}
     bool UseCompressedOops                        = true                           {product lp64_product} {ergonomic}
     bool UseG1GC                                  = true                                      {product} {ergonomic}
     bool UseLargePagesIndividualAllocation        = false                                  {pd product} {ergonomic}

Logging:
Log output configuration:
 #0: stdout all=warning uptime,level,tags foldmultilines=false
 #1: stderr all=off uptime,level,tags foldmultilines=false

Environment Variables:
JAVA_HOME=D:/3rdParty/jdk-21.0.2
PATH=C:\Program Files\Git\mingw64\bin;C:\Program Files\Git\usr\bin;C:\Users\bensalem\bin;D:\Python\Python312\Scripts;D:\Python\Python312;C:\Program Files\Microsoft SDKs\Azure\CLI2\wbin;C:\Program Files (x86)\VMware\VMware Player\bin;D:\3rdParty\jdk-21.0.2\bin;C:\Program Files (x86)\Intel\Intel(R) Management Engine Components\iCLS;C:\Program Files\Intel\Intel(R) Management Engine Components\iCLS;C:\Windows\system32;C:\Windows;C:\Windows\System32\Wbem;C:\Windows\System32\WindowsPowerShell\v1.0;C:\Windows\System32\OpenSSH;C:\Program Files (x86)\NVIDIA Corporation\PhysX\Common;C:\Program Files (x86)\Intel\Intel(R) Management Engine Components\DAL;C:\Program Files\Intel\Intel(R) Management Engine Components\DAL;C:\Program Files\Intel\WiFi\bin;C:\Program Files\Common Files\Intel\WirelessCommon;C:\WINDOWS\system32;C:\WINDOWS;C:\WINDOWS\System32\Wbem;C:\WINDOWS\System32\WindowsPowerShell\v1.0;C:\WINDOWS\System32\OpenSSH;C:\Program Files\PuTTY;C:\Program Files\Microsoft VS Code\bin;C:\ProgramData\chocolatey\bin;D:\3rdParty\apache-maven-3.9.9\bin;C:\Program Files\dotnet;D:\spark-3.2.1-bin-hadoop3.2\bin;D:\hadoop-3.2.2\bin;C:\Users\bensalem\AppData\Roaming\nvm;C:\Program Files\nodejs;C:\WINDOWS\system32;C:\WINDOWS;C:\WINDOWS\System32\Wbem;C:\WINDOWS\System32\WindowsPowerShell\v1.0;C:\WINDOWS\System32\OpenSSH;C:\Program Files\Calibre2;C:\Program Files\Git\cmd;C:\Program Files\NVIDIA Corporation\NVIDIA app\NvDLISR;D:\Quanteam\sonar-scanner-cli\bin;D:\Quanteam\kube;C:\WINDOWS\system32\config\systemprofile\.krew\bin;C:\Program Files\GitHub CLI;C:\Program Files\Docker\Docker\resources\bin;C:\Users\bensalem\AppData\Local\Microsoft\WindowsApps;C:\Users\bensalem\.dotnet\tools;C:\Users\bensalem\AppData\Roaming\npm;C:\Users\bensalem\AppData\Roaming\nvm;C:\Program Files\nodejs;C:\Program Files\JetBrains\IntelliJ IDEA Community Edition 2024.2.2\bin;C:\Program Files\JetBrains\PyCharm 2025.1.1.1\bin;D:\Quanteam\sonar-scanner-cli\bin;C:\Users\bensalem\AppData\Local\Microsoft\WinGet\Packages\Helm.Helm_Microsoft.Winget.Source_8wekyb3d8bbwe\windows-amd64;C:\Users\bensalem\.krew\bin;C:\Users\bensalem\AppData\Local\Microsoft\WindowsApps
USERNAME=bensalem
TERM=xterm-256color
OS=Windows_NT
PROCESSOR_IDENTIFIER=Intel64 Family 6 Model 142 Stepping 11, GenuineIntel
TMP=C:\Users\bensalem\AppData\Local\Temp
TEMP=C:\Users\bensalem\AppData\Local\Temp




Periodic native trim disabled

---------------  S Y S T E M  ---------------

OS:
 Windows 11 , 64 bit Build 26100 (10.0.26100.7705)
OS uptime: 9 days 20:47 hours
Hyper-V role detected

CPU: total 8 (initial active 8) (4 cores per cpu, 2 threads per core) family 6 model 142 stepping 11 microcode 0xde, cx8, cmov, fxsr, ht, mmx, 3dnowpref, sse, sse2, sse3, ssse3, sse4.1, sse4.2, popcnt, lzcnt, tsc, tscinvbit, avx, avx2, aes, erms, clmul, bmi1, bmi2, adx, fma, vzeroupper, clflush, clflushopt, hv, rdtscp, f16c
Processor Information for all 8 processors :
  Max Mhz: 2001, Current Mhz: 2001, Mhz Limit: 2001

Memory: 4k page, system-wide physical 16172M (2469M free)
TotalPageFile size 18220M (AvailPageFile size 20M)
current process WorkingSet (physical memory assigned to process): 253M, peak: 277M
current process commit charge ("private bytes"): 282M, peak: 407M

vm_info: OpenJDK 64-Bit Server VM (21.0.2+13-58) for windows-amd64 JRE (21.0.2+13-58), built on 2024-01-05T18:32:24Z by "mach5one" with MS VC++ 17.1 (VS2022)

END.
